I'm sorry, but errors were detected in your script. Please correct the
errors listed below, and try again.


File "game/script.rpy", line 28: end of line expected.
    start music "prologue.ogg" fadein(2)
                               ^

Ren'Py Version: Ren'Py 7.4.6.1693
Thu Sep 30 06:19:52 2021
